#-----------------------------------------------------------
# Vivado v2024.1 (64-bit)
# SW Build 5076996 on Wed May 22 18:37:14 MDT 2024
# IP Build 5075265 on Wed May 22 21:45:21 MDT 2024
# SharedData Build 5076995 on Wed May 22 18:29:18 MDT 2024
# Start of session at: Wed Jul 17 11:12:32 2024
# Process ID: 36652
# Current directory: C:/Users/tyler_hyposvu/OneDrive - UW-Madison/Research/IARPA/QMOD_GDS/QMOD_GDS_Nexy/QMOD_GDS_Nexy.runs/impl_1
# Command line: vivado.exe -log waves.vdi -applog -product Vivado -messageDb vivado.pb -mode batch -source waves.tcl -notrace
# Log file: C:/Users/tyler_hyposvu/OneDrive - UW-Madison/Research/IARPA/QMOD_GDS/QMOD_GDS_Nexy/QMOD_GDS_Nexy.runs/impl_1/waves.vdi
# Journal file: C:/Users/tyler_hyposvu/OneDrive - UW-Madison/Research/IARPA/QMOD_GDS/QMOD_GDS_Nexy/QMOD_GDS_Nexy.runs/impl_1\vivado.jou
# Running On        :Tyler
# Platform          :Windows Server 2016 or Windows 10
# Operating System  :22631
# Processor Detail  :AMD Ryzen 9 6900HS with Radeon Graphics        
# CPU Frequency     :3294 MHz
# CPU Physical cores:8
# CPU Logical cores :16
# Host memory       :16354 MB
# Swap memory       :24696 MB
# Total Virtual     :41050 MB
# Available Virtual :13283 MB
#-----------------------------------------------------------
source waves.tcl -notrace
